// Jest Snapshot v1, https://goo.gl/fbAQLP

exports[`Login Snapshop 1`] = `
<View
  onLayout={[Function]}
  style={
    Array [
      Object {
        "alignItems": "center",
        "alignSelf": "center",
        "flex": 1,
        "justifyContent": "center",
        "maxWidth": 340,
        "padding": 20,
        "width": "100%",
      },
      Object {
        "paddingBottom": 0,
      },
    ]
  }
>
  <Image
    source={1}
    style={
      Object {
        "height": 128,
        "marginBottom": 12,
        "width": 128,
      }
    }
  />
  <Text
    style={
      Object {
        "color": "#004ae6",
        "fontSize": 26,
        "fontWeight": "bold",
        "paddingVertical": 14,
      }
    }
  >
    Login
  </Text>
  <View
    style={
      Object {
        "marginVertical": 12,
        "width": "100%",
      }
    }
  />
  <View
    style={
      Object {
        "marginVertical": 12,
        "width": "100%",
      }
    }
  />
</View>
`;
